## Deleted keys were detected in the following stable discovery artifacts:
baremetalsolution v2 https://github.com/googleapis/google-api-python-client/commit/9be77b2dd02be2d9e71a43dfb73305bbbb7580b5
chat v1 https://github.com/googleapis/google-api-python-client/commit/58901edf2286a408c04ad363f63a61e4644d7566
civicinfo v2 https://github.com/googleapis/google-api-python-client/commit/de16df8b7f3ae8da9a50b8152a9fb3f07d1746d1
cloudasset v1 https://github.com/googleapis/google-api-python-client/commit/e097062e9d05b9dea359e2cbc277844bb6df3cf8
connectors v1 https://github.com/googleapis/google-api-python-client/commit/944565a7944413aaf3f6347dda84b794a79600fe
contentwarehouse v1 https://github.com/googleapis/google-api-python-client/commit/d5c0fb7a233a849926217e6688a851540292fac8
displayvideo v1 https://github.com/googleapis/google-api-python-client/commit/7234a314b7f7731d73d5f638c9d09832443b4e38
displayvideo v2 https://github.com/googleapis/google-api-python-client/commit/7234a314b7f7731d73d5f638c9d09832443b4e38
gkeonprem v1 https://github.com/googleapis/google-api-python-client/commit/1ed6901270cc3ace70a1f53fcd1613ba4ec1edd1
identitytoolkit v2 https://github.com/googleapis/google-api-python-client/commit/a061d3aefc0650ab070ffe9ce458ab0c49bf5516
serviceusage v1 https://github.com/googleapis/google-api-python-client/commit/b0143b8f541db46f475f96d3a5de5a345121c21d
workloadmanager v1 https://github.com/googleapis/google-api-python-client/commit/664ebe791ee576209905ab34600910fb36bc3134

## Deleted keys were detected in the following pre-stable discovery artifacts:
beyondcorp v1alpha https://github.com/googleapis/google-api-python-client/commit/0e1141dd10721e4d247e62b78987e7fba295b3ec
compute alpha https://github.com/googleapis/google-api-python-client/commit/f679eaa41f861e64a9eb7c0f1e888263bf83f6e3
serviceusage v1beta1 https://github.com/googleapis/google-api-python-client/commit/b0143b8f541db46f475f96d3a5de5a345121c21d

## Discovery Artifact Change Summary:
feat(androidpublisher): update the api https://github.com/googleapis/google-api-python-client/commit/1abd2e8b9e17a433900e81929c3f0881753383b1
feat(baremetalsolution): update the api https://github.com/googleapis/google-api-python-client/commit/9be77b2dd02be2d9e71a43dfb73305bbbb7580b5
feat(beyondcorp): update the api https://github.com/googleapis/google-api-python-client/commit/0e1141dd10721e4d247e62b78987e7fba295b3ec
feat(calendar): update the api https://github.com/googleapis/google-api-python-client/commit/d4c2aa13a4567f7d1ac8514976d463d5346cb279
feat(chat): update the api https://github.com/googleapis/google-api-python-client/commit/58901edf2286a408c04ad363f63a61e4644d7566
feat(civicinfo): update the api https://github.com/googleapis/google-api-python-client/commit/de16df8b7f3ae8da9a50b8152a9fb3f07d1746d1
feat(cloudasset): update the api https://github.com/googleapis/google-api-python-client/commit/e097062e9d05b9dea359e2cbc277844bb6df3cf8
feat(cloudchannel): update the api https://github.com/googleapis/google-api-python-client/commit/bf29e0341211211a625a32b612912317210c6e45
feat(clouddebugger): update the api https://github.com/googleapis/google-api-python-client/commit/87666951cde6155288bf9b5aacc2a310b587a6cf
feat(clouddeploy): update the api https://github.com/googleapis/google-api-python-client/commit/5a402af9892848a1785c2d951eb5021e0f73f728
feat(cloudfunctions): update the api https://github.com/googleapis/google-api-python-client/commit/2ab869087dbfeef4c7abbf942d04f8e4bd69c6b9
feat(cloudidentity): update the api https://github.com/googleapis/google-api-python-client/commit/d52ba903772bf2975254d232d0ff9be6540b02be
feat(cloudsearch): update the api https://github.com/googleapis/google-api-python-client/commit/1bf4e6cbf69bfc9d96db0e590a61bbe74388c613
feat(compute): update the api https://github.com/googleapis/google-api-python-client/commit/f679eaa41f861e64a9eb7c0f1e888263bf83f6e3
feat(connectors): update the api https://github.com/googleapis/google-api-python-client/commit/944565a7944413aaf3f6347dda84b794a79600fe
feat(container): update the api https://github.com/googleapis/google-api-python-client/commit/60beb38191576ae831322abcbe324c4b98a6bf0a
feat(content): update the api https://github.com/googleapis/google-api-python-client/commit/66c19c1e48c43b92595bf5a8105d2679fc0b2783
feat(contentwarehouse): update the api https://github.com/googleapis/google-api-python-client/commit/d5c0fb7a233a849926217e6688a851540292fac8
feat(dataplex): update the api https://github.com/googleapis/google-api-python-client/commit/5d8bd5cda1e1e1efd1f801af34b4613f84212504
feat(datastream): update the api https://github.com/googleapis/google-api-python-client/commit/26f5bce588e63bc615fe7a94ae704c2b2495ec47
feat(displayvideo): update the api https://github.com/googleapis/google-api-python-client/commit/7234a314b7f7731d73d5f638c9d09832443b4e38
feat(eventarc): update the api https://github.com/googleapis/google-api-python-client/commit/4d0d46af25051e3e4e6f2a07cebdfcbbb81f1439
feat(gkehub): update the api https://github.com/googleapis/google-api-python-client/commit/8d242a11087dc8db821498264ef2c3db6ee67fe1
feat(gkeonprem): update the api https://github.com/googleapis/google-api-python-client/commit/1ed6901270cc3ace70a1f53fcd1613ba4ec1edd1
feat(identitytoolkit): update the api https://github.com/googleapis/google-api-python-client/commit/a061d3aefc0650ab070ffe9ce458ab0c49bf5516
feat(integrations): update the api https://github.com/googleapis/google-api-python-client/commit/4e61976400ab7c7acf41e9b027dd9c8706bc97e9
feat(logging): update the api https://github.com/googleapis/google-api-python-client/commit/de8379175736e3d7f0fd808cc10d1d5c0957b0cf
feat(networkmanagement): update the api https://github.com/googleapis/google-api-python-client/commit/29d80043d78a20ee8eefa4354ae2eba70509e6b9
feat(prod_tt_sasportal): update the api https://github.com/googleapis/google-api-python-client/commit/4c87cd2b5025c4fd5e775e0813cd81718e2dcdf9
feat(pubsub): update the api https://github.com/googleapis/google-api-python-client/commit/9106b0c010ee1b95b1be504a23a9d0c9fb7c67e7
feat(reseller): update the api https://github.com/googleapis/google-api-python-client/commit/af277e168de7d29b13f794c95cf955e8705c5122
feat(retail): update the api https://github.com/googleapis/google-api-python-client/commit/076a221bf23d15b005ae53d34f8e18565c45f807
feat(run): update the api https://github.com/googleapis/google-api-python-client/commit/71efebcc6abc0a2687b33be6c4a4fc9f3b71468b
feat(sasportal): update the api https://github.com/googleapis/google-api-python-client/commit/9b63bd29affd423754ca8102a11525e5af4267e6
feat(serviceusage): update the api https://github.com/googleapis/google-api-python-client/commit/b0143b8f541db46f475f96d3a5de5a345121c21d
feat(sqladmin): update the api https://github.com/googleapis/google-api-python-client/commit/f9b759a95ea5dd7632a441136f0b9a6c1da40707
feat(tagmanager): update the api https://github.com/googleapis/google-api-python-client/commit/60b465e487a3245e55128b3b313d0c583406bdf8
feat(workloadmanager): update the api https://github.com/googleapis/google-api-python-client/commit/664ebe791ee576209905ab34600910fb36bc3134
